2026-06-16 - 14:30:32
Workflow 'Update workflow.' started.
              Using DaVinci Configurator  5.18.37 SP1 (x86_64).
 14:30:32 - Action 'Validate workflow environment' started.
 14:30:32 - Action 'Validate dpa file' started.
 14:30:34 - Action 'Validate dpa file' successfully finished.
 14:30:34 - Action 'SLP conformance check' started.
 14:30:34 - Action 'SLP conformance check' successfully finished.
 14:30:34 - Action 'Validate workflow environment' successfully finished.
 14:30:34 - Action 'Create copy of the Project' started.
              Copy project 'D:\PANDORA\CarCode\AUTOSAR_TOOLs\S32K144_SIP\MICROSAR\CBD1800257_D01_S32K1xx\Applications\S32K144_Start_new_IAR' to 'C:\Users\EDY\AppData\Local\Temp\DaVinci\Cfg-1316173\Workflow\1781591434480-0'...
              Adjusting DPA file of copied project...
 14:30:34 - Action 'Create copy of the Project' successfully finished.
 14:30:34 - Action 'Close Project' started.
 14:30:35 - Action 'Close Project' successfully finished.
 14:30:39 - Action 'Prepare System Extract' started.
 14:30:40 - Action 'Preprocessing System Extract' started.
 14:30:40 - Action 'Preprocessing System Extract' successfully finished.
 14:30:40 - Action 'Create OEM Communication Extract' started.
 14:30:40 - Action 'Create OEM Communication Extract' successfully finished.
 14:30:40 - Action 'Prepare System Extract' successfully finished.
 14:30:40 - Action 'Updating the project' started.
 14:30:43 - Action 'Create ECU configuration' started.
              [Warning] COM52013: No transmission mode declared for the ISignalIPdu.
                          Extract Path: /PDU/msg_Transmit2_oCAN00
                          Ecuc    Path: /Com/ComConfig/msg_Transmit2_oCAN00_97205322_Tx/ComTxIPdu.
 14:30:48 - Action 'Create ECU configuration' successfully finished with warnings.
                 [Warning] COM52013: No transmission mode declared for the ISignalIPdu.
                     Extract Path: /PDU/msg_Transmit2_oCAN00
                     Ecuc    Path: /Com/ComConfig/msg_Transmit2_oCAN00_97205322_Tx/ComTxIPdu.
 14:30:48 - Action 'Update ECU configuration' started.
 14:30:48 - Action 'Update ECU configuration' started.
 14:30:54 - Action 'Update ECU configuration' successfully finished.
 14:30:54 - Action 'Update ECU configuration' successfully finished.
 14:30:54 - Action 'Updating the project' finished.
 14:30:54 - Action 'Adapt project file' started.
 14:30:54 - Action 'Adapt project file' successfully finished.
 14:30:54 - Action 'Generate update report' started.
 14:31:02 - Action 'Generate update report' successfully finished.
 14:31:02 - Action 'Execute Solving Actions' started.
              Executing Auto-Solving-Actions...
              Auto-Solving-Actions done.
              Executing update specific Preferred-Solving-Actions...
              Update specific Preferred-Solving-Actions done.
 14:31:05 - Action 'Execute Solving Actions' successfully finished.
 14:31:05 - Action 'Update RTE configuration' started.
 14:31:06 - Action 'Update RTE configuration' successfully finished.
 14:31:06 - Action 'Align differences after successful update' started.
 14:31:06 - Action 'Align differences after successful update' successfully finished.
 14:31:06 - Action 'Clean up update data' started.
 14:31:06 - Action 'Clean up update data' successfully finished.
14:31:12 - Workflow 'Update workflow.' finished.
